192.168.1.10 - - [10/Mar/2026:13:55:36 +0000] "GET /login HTTP/1.1" 200 2326
192.168.1.11 - - [10/Mar/2026:13:55:40 +0000] "POST /login HTTP/1.1" 401 532
192.168.1.11 - - [10/Mar/2026:13:55:41 +0000] "POST /login HTTP/1.1" 401 532
192.168.1.11 - - [10/Mar/2026:13:55:42 +0000] "POST /login HTTP/1.1" 401 532
192.168.1.10 - - [10/Mar/2026:13:55:43 +0000] "GET /admin HTTP/1.1" 200 300